[06:47:39] campaign translation: 9 steps -> ['p16-full', 'p16-noglossary', 'p16-nohalo', 'p8-full', 'p4-full', 'p2-full', 'p1-full', 'p16-semanticgloss', 'p16-rdallreduce']
[06:47:39] activate /workspace/runs/real-tr-p16-full
[06:47:39] START p16-full: python3 -m translation --executor broker --words-per-unit 600 --units 16 --ranks 16 --root /workspace/runs/real-tr-p16-full --label real-tr
[06:51:23] campaign translation: 8 steps -> ['p8-full', 'p8-noglossary', 'p8-nohalo', 'p4-full', 'p2-full', 'p1-full', 'p8-semanticgloss', 'p8-rdallreduce']
[06:51:23] activate /workspace/runs/real-tr-p8-full
[06:51:23] START p8-full: python3 -m translation --executor broker --words-per-unit 600 --units 8 --ranks 8 --root /workspace/runs/real-tr-p8-full --label real-tr
[06:54:10] END   p8-full rc=0 in 167s
[06:54:10] activate /workspace/runs/real-tr-p8-noglossary
[06:54:10] START p8-noglossary: python3 -m translation --executor broker --words-per-unit 600 --units 8 --ranks 8 --root /workspace/runs/real-tr-p8-noglossary --label real-tr --no-glossary
[06:55:44] END   p8-noglossary rc=0 in 95s
[06:55:44] activate /workspace/runs/real-tr-p8-nohalo
[06:55:44] START p8-nohalo: python3 -m translation --executor broker --words-per-unit 600 --units 8 --ranks 8 --root /workspace/runs/real-tr-p8-nohalo --label real-tr --no-halo
[06:57:50] END   p8-nohalo rc=0 in 126s
[06:57:50] activate /workspace/runs/real-tr-p4-full
[06:57:50] START p4-full: python3 -m translation --executor broker --words-per-unit 600 --units 8 --ranks 4 --root /workspace/runs/real-tr-p4-full --label real-tr
[07:02:59] END   p4-full rc=0 in 309s
[07:02:59] activate /workspace/runs/real-tr-p2-full
[07:02:59] START p2-full: python3 -m translation --executor broker --words-per-unit 600 --units 8 --ranks 2 --root /workspace/runs/real-tr-p2-full --label real-tr
[07:09:49] END   p2-full rc=0 in 410s
[07:09:49] activate /workspace/runs/real-tr-p1-full
[07:09:49] START p1-full: python3 -m translation --executor broker --words-per-unit 600 --units 8 --ranks 1 --root /workspace/runs/real-tr-p1-full --label real-tr
[07:19:26] END   p1-full rc=0 in 577s
[07:19:26] activate /workspace/runs/real-tr-p8-semanticgloss
[07:19:26] START p8-semanticgloss: python3 -m translation --executor broker --words-per-unit 600 --units 8 --ranks 8 --root /workspace/runs/real-tr-p8-semanticgloss --label real-tr --glossary-op semantic
[07:38:39] END   p8-semanticgloss rc=0 in 1153s
[07:38:39] activate /workspace/runs/real-tr-p8-rdallreduce
[07:38:39] START p8-rdallreduce: python3 -m translation --executor broker --words-per-unit 600 --units 8 --ranks 8 --root /workspace/runs/real-tr-p8-rdallreduce --label real-tr --allreduce-alg recursive_doubling
[07:41:17] END   p8-rdallreduce rc=0 in 158s
[07:41:17] campaign complete
[07:41:24] campaign microbench: 1 steps -> ['fidelity']
[07:41:24] activate /workspace/runs/real-mb-fidelity
[07:41:24] START fidelity: python3 -m microbench --executor broker --ranks 8 --root /workspace/runs/real-mb-fidelity --label real-mb --bench fidelity
[07:47:06] END   fidelity rc=0 in 342s
[07:47:06] campaign complete
[07:47:06] campaign software: 3 steps -> ['p8-full', 'p8-noshared', 'p1-full']
[07:47:06] activate /workspace/runs/real-sw-p8-full
[07:47:06] START p8-full: python3 -m software --executor broker --rounds 2 --ranks 8 --root /workspace/runs/real-sw-p8-full --label real-sw
[07:55:25] END   p8-full rc=0 in 499s
[07:55:25] activate /workspace/runs/real-sw-p8-noshared
[07:55:25] START p8-noshared: python3 -m software --executor broker --rounds 2 --ranks 8 --root /workspace/runs/real-sw-p8-noshared --label real-sw --no-shared-interfaces
[08:04:14] END   p8-noshared rc=0 in 529s
[08:04:14] activate /workspace/runs/real-sw-p1-full
[08:04:14] START p1-full: python3 -m software --executor broker --rounds 2 --ranks 1 --root /workspace/runs/real-sw-p1-full --label real-sw
[08:24:27] END   p1-full rc=0 in 1213s
[08:24:27] campaign complete
[08:24:35] campaign microbench: 1 steps -> ['fidelity']
[08:24:35] activate /workspace/runs/sat-mb-fidelity
[08:24:35] START fidelity: python3 -m microbench --executor broker --ranks 8 --root /workspace/runs/sat-mb-fidelity --label sat-mb --bench fidelity --facts 12 --merge-budget 450 --algorithms chain,flat,binomial,kary --fanin 4
[08:24:36] campaign software: 0 steps -> []
[08:24:36] campaign complete
[08:53:00] END   fidelity rc=0 in 1705s
[08:53:00] campaign complete
[08:53:40] campaign software: 2 steps -> ['p8-vague-shared', 'p8-vague-noshared']
[08:53:40] activate /workspace/runs/vague-sw-p8-vague-shared
[08:53:40] START p8-vague-shared: python3 -m software --executor broker --rounds 2 --ranks 8 --root /workspace/runs/vague-sw-p8-vague-shared --label vague-sw --vague-spec
[09:00:22] END   p8-vague-shared rc=0 in 402s
[09:00:22] activate /workspace/runs/vague-sw-p8-vague-noshared
[09:00:22] START p8-vague-noshared: python3 -m software --executor broker --rounds 2 --ranks 8 --root /workspace/runs/vague-sw-p8-vague-noshared --label vague-sw --vague-spec --no-shared-interfaces
[09:14:30] END   p8-vague-noshared rc=0 in 848s
[09:14:30] campaign complete
[09:37:34] campaign microbench: 1 steps -> ['fidelity-inc']
[09:37:34] activate /workspace/runs/inc-mb-fidelity-inc
[09:37:34] START fidelity-inc: python3 -m microbench --executor broker --ranks 8 --root /workspace/runs/inc-mb-fidelity-inc --label inc-mb --bench fidelity --facts 12 --merge-budget 450 --algorithms chain,flat,binomial,kary --fanin 4 --incompressible
[09:44:16] END   fidelity-inc rc=-15 in 402s
[09:44:16]   stderr tail: 
[09:44:16] campaign complete
[09:45:21] campaign microbench: 1 steps -> ['fidelity-inc']
[09:45:21] activate /workspace/runs/inc-mb-fidelity-inc
[09:45:21] START fidelity-inc: python3 -m microbench --executor broker --ranks 8 --root /workspace/runs/inc-mb-fidelity-inc --label inc-mb --bench fidelity --facts 12 --merge-budget 450 --algorithms chain,flat,binomial,kary --fanin 4 --incompressible
[10:02:19] END   fidelity-inc rc=0 in 1018s
[10:02:19] campaign complete
